Router(config)#router rip
Router(config-router)#version 2
Router(config-router)#no auto-summary
Router(config-router)#network 144.186.112.0
Router(config-router)#netowrk 199.210.121.164
                         ^
% Invalid input detected at '^' marker.
	
Router(config-router)#network 199.210.121.164
Router(config-router)#network 50.152.0.0
Router(config-router)#network 199.210.121.168
Router(config-router)#exit